[ECMWF-INFO -sbatch] - -------------------------------------------------------------------------------------
[ECMWF-INFO -sbatch] -  This is the ECMWF jobfilter
[ECMWF-INFO -sbatch] -  +++ Please report issues using the Support portal +++
[ECMWF-INFO -sbatch] -  +++ https://support.ecmwf.int                     +++
[ECMWF-INFO -sbatch] -  /usr/local/bin/ecsbatch: size: 54518, mtime: Thu Aug  6 13:29:49 2026
[ECMWF-INFO -sbatch] - -------------------------------------------------------------------------------------
[ECMWF-INFO -sbatch] - Time at submit: Thu Aug 13 13:14:56 2026 (1786626896.550727) on ac6-101.bullx:/lus/h2resw01/hpcperm/c3s2361b/inference
[ECMWF-INFO -sbatch] - --- SLURM VARIABLES ---
[ECMWF-INFO -sbatch] - EC_CLUSTER=ac
[ECMWF-INFO -sbatch] - SLURM_EXPORT_ENV=ALL
[ECMWF-INFO -sbatch] - SBATCH_EXPORT=NONE
[ECMWF-INFO -sbatch] - -----------------------
[ECMWF-INFO -sbatch] - jobscript: /lus/h2resw01/hpcperm/c3s2361b/inference/run.sh
[ECMWF-INFO -sbatch] - --- SCRIPT OPTIONS ---
[ECMWF-INFO -sbatch] - #SBATCH --job-name=inference
[ECMWF-INFO -sbatch] - #SBATCH --output=logs/%x.out
[ECMWF-INFO -sbatch] - #SBATCH --qos=ng
[ECMWF-INFO -sbatch] - #SBATCH --gpus=1
[ECMWF-INFO -sbatch] - #SBATCH --time=00:30:00
[ECMWF-INFO -sbatch] - -----------------------
[ECMWF-INFO -sbatch] - --- POST-PROCESSED OPTIONS ---
[ECMWF-INFO -sbatch] - ARG --positional=['run.sh', 'infer.yaml']
[ECMWF-INFO -sbatch] - ARG --job_name=inference
[ECMWF-INFO -sbatch] - ARG --output=logs/%x.out
[ECMWF-INFO -sbatch] - ARG --qos=ng
[ECMWF-INFO -sbatch] - ARG --time=00:30:00
[ECMWF-INFO -sbatch] - ARG --gpus=1
[ECMWF-INFO -sbatch] - ------------------------------
[ECMWF-INFO -sbatch] - jobtag: c3s2361b-inference-1x2-/lus/h2resw01/hpcperm/c3s2361b/inference/logs/inference.out
[ECMWF-INFO -sbatch] - ------------------------------
[ECMWF-INFO -sbatch] - Average Walltime 0 with a Standard Deviation 0
[ECMWF-INFO -sbatch] - Runtime history
[ECMWF-INFO -sbatch] -   Date               | Cores   Cluster   Walltime       Mem
[ECMWF-INFO -sbatch] - 
[ECMWF-INFO -sbatch] - ['/usr/bin/sbatch', '--job-name=inference', '--output=logs/%x.out', '--qos=ng', '--time=00:30:00', '--gpus=1', '--licenses=h2resw01', '--export=EC_user_time_limit=00:30:00', '/lus/h2resw01/hpcperm/c3s2361b/inference/run.sh', 'infer.yaml']
[ECMWF-INFO -sbatch] - sbatch executed on ac
[ECMWF-INFO -sbatch] - Job queued on ac using method local
[ECMWF-INFO -sbatch] - Submitted batch job 32187824
[ECMWF-INFO -ecprofile] /usr/bin/bash NON_INTERACTIVE on ac6-314 at 20260813_131515.600, PID: 56342, JOBID: 32187824
[ECMWF-INFO -ecprofile] $SCRATCH=/ec/res4/scratch/c3s2361b
[ECMWF-INFO -ecprofile] $PERM=/perm/c3s2361b
[ECMWF-INFO -ecprofile] $HPCPERM=/ec/res4/hpcperm/c3s2361b
[ECMWF-INFO -ecprofile] $TMPDIR=/dev/shm/_tmpdir_.c3s2361b.32187824
[ECMWF-INFO -ecprofile] $SCRATCHDIR=/ec/res4/scratchdir/c3s2361b/0/32187824
Lmod has detected the following error: These module(s) or extension(s) exist
but cannot be loaded as requested: "eccodes"
   Try: "module spider eccodes" to see how to load the module(s).



/lus/h2resw01/hpcperm/c3s2361b/inference/.venv/lib64/python3.12/site-packages/torch/cuda/__init__.py:65: FutureWarning: The pynvml package is deprecated. Please install nvidia-ml-py instead. If you did not install pynvml directly, please report this to the maintainers of the package that installed pynvml for you.
  import pynvml  # type: ignore[import]
Traceback (most recent call last):
  File "/lus/h2resw01/hpcperm/c3s2361b/inference/.venv/bin/anemoi-inference", line 10, in <module>
    sys.exit(main())
             ^^^^^^
  File "/lus/h2resw01/hpcperm/c3s2361b/inference/.venv/lib64/python3.12/site-packages/anemoi/inference/__main__.py", line 38, in main
    cli_main(__version__, __doc__, COMMANDS)
  File "/lus/h2resw01/hpcperm/c3s2361b/inference/.venv/lib64/python3.12/site-packages/anemoi/utils/cli.py", line 266, in cli_main
    cmd.run(args)
  File "/lus/h2resw01/hpcperm/c3s2361b/inference/.venv/lib64/python3.12/site-packages/anemoi/inference/commands/run.py", line 59, in run
    runner = create_runner(config)
             ^^^^^^^^^^^^^^^^^^^^^
  File "/lus/h2resw01/hpcperm/c3s2361b/inference/.venv/lib64/python3.12/site-packages/anemoi/inference/runners/__init__.py", line 33, in create_runner
    return runner_registry.from_config(config.runner, config, **kwargs)
           ^^^^^^^^^^^^^^^^^^^^^^^^^^^^^^^^^^^^^^^^^^^^^^^^^^^^^^^^^^^^
  File "/lus/h2resw01/hpcperm/c3s2361b/inference/.venv/lib64/python3.12/site-packages/anemoi/utils/registry.py", line 383, in from_config
    return self.create(key, *args, **value, **kwargs)
           ^^^^^^^^^^^^^^^^^^^^^^^^^^^^^^^^^^^^^^^^^^
  File "/lus/h2resw01/hpcperm/c3s2361b/inference/.venv/lib64/python3.12/site-packages/anemoi/utils/registry.py", line 348, in create
    return factory(*args, **kwargs)
           ^^^^^^^^^^^^^^^^^^^^^^^^
  File "/lus/h2resw01/hpcperm/c3s2361b/inference/.venv/lib64/python3.12/site-packages/anemoi/inference/runners/downscaling.py", line 183, in __init__
    super().__init__(config)
  File "/lus/h2resw01/hpcperm/c3s2361b/inference/.venv/lib64/python3.12/site-packages/anemoi/inference/runners/default.py", line 73, in __init__
    super().__init__(
  File "/lus/h2resw01/hpcperm/c3s2361b/inference/.venv/lib64/python3.12/site-packages/anemoi/inference/runner.py", line 163, in __init__
    self.pre_processors = self.create_pre_processors()
                          ^^^^^^^^^^^^^^^^^^^^^^^^^^^^
  File "/lus/h2resw01/hpcperm/c3s2361b/inference/.venv/lib64/python3.12/site-packages/anemoi/inference/runners/default.py", line 373, in create_pre_processors
    result.append(create_pre_processor(self, processor))
                  ^^^^^^^^^^^^^^^^^^^^^^^^^^^^^^^^^^^^^
  File "/lus/h2resw01/hpcperm/c3s2361b/inference/.venv/lib64/python3.12/site-packages/anemoi/inference/pre_processors/__init__.py", line 34, in create_pre_processor
    return pre_processor_registry.from_config(config, context)
           ^^^^^^^^^^^^^^^^^^^^^^^^^^^^^^^^^^^^^^^^^^^^^^^^^^^
  File "/lus/h2resw01/hpcperm/c3s2361b/inference/.venv/lib64/python3.12/site-packages/anemoi/utils/registry.py", line 383, in from_config
    return self.create(key, *args, **value, **kwargs)
           ^^^^^^^^^^^^^^^^^^^^^^^^^^^^^^^^^^^^^^^^^^
  File "/lus/h2resw01/hpcperm/c3s2361b/inference/.venv/lib64/python3.12/site-packages/anemoi/utils/registry.py", line 348, in create
    return factory(*args, **kwargs)
           ^^^^^^^^^^^^^^^^^^^^^^^^
  File "/lus/h2resw01/hpcperm/c3s2361b/inference/.venv/lib64/python3.12/site-packages/anemoi/inference/decorators.py", line 68, in __init__
    super().__init__(context, *args, **kwargs)
TypeError: ForwardTransformFilter.__init__() missing 1 required positional argument: 'filter'
[ECMWF-INFO -ecepilog] ----------------------------------------------------------------------------------------------------
[ECMWF-INFO -ecepilog] This is the ECMWF job Epilogue
[ECMWF-INFO -ecepilog] +++ Please report issues using the Support portal +++
[ECMWF-INFO -ecepilog] +++ https://support.ecmwf.int                     +++
[ECMWF-INFO -ecepilog] ----------------------------------------------------------------------------------------------------
[ECMWF-INFO -ecepilog] Run at 2026-08-13T13:22:14 on ac
[ECMWF-INFO -ecepilog] JobName                   : inference
[ECMWF-INFO -ecepilog] JobID                     : 32187824
[ECMWF-INFO -ecepilog] Submit                    : 2026-08-13T13:14:56
[ECMWF-INFO -ecepilog] Start                     : 2026-08-13T13:15:13
[ECMWF-INFO -ecepilog] End                       : 2026-08-13T13:22:14
[ECMWF-INFO -ecepilog] QueuedTime                : 17.0
[ECMWF-INFO -ecepilog] ElapsedRaw                : 421
[ECMWF-INFO -ecepilog] ExitCode                  : 1:0
[ECMWF-INFO -ecepilog] DerivedExitCode           : 0:0
[ECMWF-INFO -ecepilog] State                     : FAILED
[ECMWF-INFO -ecepilog] Account                   : nohirlam
[ECMWF-INFO -ecepilog] QOS                       : ng
[ECMWF-INFO -ecepilog] User                      : c3s2361b
[ECMWF-INFO -ecepilog] StdOut                    : /lus/h2resw01/hpcperm/c3s2361b/inference/logs/inference.out
[ECMWF-INFO -ecepilog] StdErr                    : /lus/h2resw01/hpcperm/c3s2361b/inference/logs/inference.out
[ECMWF-INFO -ecepilog] NNodes                    : 1
[ECMWF-INFO -ecepilog] NCPUS                     : 2
[ECMWF-INFO -ecepilog] SBU                       : 1.996
[ECMWF-INFO -ecepilog] jobtag                    : c3s2361b-inference-1x2-/lus/h2resw01/hpcperm/c3s2361b/inference/logs/inference.out
[ECMWF-INFO -ecepilog] ----------------------------------------------------------------------------------------------------

